SampleData/data.csv
SKU,Date,Units_Sold,Price,Cost,Inventory,Competitor_Price
SKU0003,2024-01-01,0,164.78,107.28,58,169.18
SKU0003,2024-01-02,0,176.4,107.28,58,167.44
SKU0003,2024-01-03,0,163.8,107.28,58,173.67
SKU0003,2024-01-04,0,167.71,107.28,58,170.42
SKU0003,2024-01-05,0,165.48,107.28,58,174.72
SKU0003,2024-01-06,0,177.09,107.28,58,173.74
SKU0003,2024-01-07,0,181.66,107.28,58,155.52
SKU0003,2024-01-08,0,169.3,107.28,58,178.51
SKU0003,2024-01-09,0,178.92,107.28,58,155.73
SKU0003,2024-01-10,1,160.51,107.28,58,175.1
SKU0003,2024-01-11,0,169.65,107.28,57,165.59
SKU0003,2024-01-12,0,162.32,107.28,57,168.88
SKU0003,2024-01-13,0,164.9,107.28,57,182.0
SKU0003,2024-01-14,0,176.79,107.28,57,181.55
SKU0003,2024-01-15,0,182.36,107.28,57,179.12
SKU0003,2024-01-16,2,153.97,107.28,56,168.76
SKU0003,2024-01-17,0,173.13,107.28,56,176.37
SKU0003,2024-01-18,0,171.17,107.28,56,168.85
SKU0003,2024-01-19,6,153.85,107.28,56,180.87
SKU0003,2024-01-20,0,157.34,107.28,56,165.14
SKU0003,2024-01-21,0,161.04,107.28,55,184.26
SKU0003,2024-01-22,6,155.66,107.28,55,182.98
SKU0003,2024-01-23,3,158.53,107.28,55,176.55
SKU0003,2024-01-24,0,159.42,107.28,55,160.99
SKU0003,2024-01-25,0,161.97,107.28,55,156.01
SKU0003,2024-01-26,0,177.42,107.28,55,180.36
SKU0003,2024-01-27,0,170.79,107.28,55,157.14
SKU0003,2024-01-28,0,186.27,107.28,55,180.35
SKU0003,2024-01-29,0,164.92,107.28,55,168.11
SKU0003,2024-01-30,0,177.59,107.28,55,165.27
SKU0003,2024-01-31,0,181.98,107.28,55,182.0
SKU0003,2024-02-01,0,174.79,107.28,55,171.91
SKU0003,2024-02-02,0,164.81,107.28,55,171.0
SKU0003,2024-02-03,0,177.58,107.28,55,170.4
SKU0003,2024-02-04,1,157.03,107.28,55,164.08
SKU0003,2024-02-05,1,161.66,107.28,55,178.04
SKU0003,2024-02-06,0,169.85,107.28,55,160.09
SKU0003,2024-02-07,0,170.92,107.28,55,183.2
SKU0003,2024-02-08,8,150.25,107.28,55,181.69
SKU0003,2024-02-09,0,184.73,107.28,55,162.94
SKU0003,2024-02-10,0,175.45,107.28,55,176.15
SKU0003,2024-02-11,0,167.94,107.28,55,170.88
SKU0003,2024-02-12,0,184.28,107.28,55,162.95
SKU0003,2024-02-13,0,165.83,107.28,55,184.87
SKU0003,2024-02-14,0,186.05,107.28,55,152.43
SKU0003,2024-02-15,0,168.56,107.28,55,160.09
SKU0003,2024-02-16,4,153.7,107.28,55,169.09
SKU0003,2024-02-17,0,178.0,107.28,55,169.16
SKU0003,2024-02-18,0,174.79,107.28,55,171.41
SKU0003,2024-02-19,0,178.3,107.28,55,176.89
SKU0003,2024-02-20,0,184.97,107.28,55,172.58
SKU0003,2024-02-21,0,178.43,107.28,55,171.79
SKU0003,2024-02-22,0,172.26,107.28,55,153.38
SKU0003,2024-02-23,0,181.45,107.28,55,164.26
SKU0003,2024-02-24,0,174.58,107.28,55,159.39
SKU0003,2024-02-25,0,164.67,107.28,55,160.51
SKU0003,2024-02-26,0,182.51,107.28,55,170.25
SKU0003,2024-02-27,0,157.72,107.28,55,158.3
SKU0003,2024-02-28,0,176.12,107.28,54,161.48
SKU0003,2024-02-29,0,182.36,107.28,54,159.56
SKU0003,2024-03-01,0,176.75,107.28,54,183.52
SKU0003,2024-03-02,0,175.47,107.28,54,183.39
SKU0003,2024-03-03,0,177.54,107.28,54,172.12
SKU0003,2024-03-04,0,166.8,107.28,54,182.72
SKU0003,2024-03-05,0,182.08,107.28,54,178.04
SKU0003,2024-03-06,0,157.03,107.28,54,171.45
SKU0003,2024-03-07,0,154.19,107.28,54,151.79
SKU0003,2024-03-08,3,160.09,107.28,54,177.6
SKU0003,2024-03-09,0,169.28,107.28,54,175.24
SKU0003,2024-03-10,0,168.5,107.28,53,172.3
SKU0003,2024-03-11,0,180.08,107.28,53,177.19
SKU0003,2024-03-12,0,164.54,107.28,53,168.85
SKU0003,2024-03-13,2,167.52,107.28,53,175.29
SKU0003,2024-03-14,5,149.93,107.28,53,183.07
SKU0003,2024-03-15,0,164.73,107.28,53,164.23
SKU0003,2024-03-16,0,173.63,107.28,53,175.43
SKU0003,2024-03-17,6,150.01,107.28,53,167.6
SKU0003,2024-03-18,0,159.92,107.28,53,174.29
SKU0003,2024-03-19,7,157.19,107.28,53,177.27
SKU0003,2024-03-20,1,150.99,107.28,53,153.11
SKU0003,2024-03-21,0,167.33,107.28,53,173.35
SKU0003,2024-03-22,3,156.21,107.28,53,159.21
SKU0003,2024-03-23,0,177.19,107.28,53,174.14
SKU0003,2024-03-24,0,181.1,107.28,53,167.35
SKU0003,2024-03-25,0,169.81,107.28,53,177.63
SKU0003,2024-03-26,0,186.1,107.28,52,155.73
SKU0003,2024-03-27,0,166.25,107.28,52,172.67
SKU0003,2024-03-28,0,168.6,107.28,52,160.95
SKU0003,2024-03-29,0,186.38,107.28,52,180.31
SKU0003,2024-03-30,5,158.08,107.28,52,182.85
SKU0003,2024-03-31,0,184.64,107.28,52,185.14
SKU0003,2024-04-01,5,151.03,107.28,52,178.39
SKU0003,2024-04-02,1,166.1,107.28,52,176.96
SKU0003,2024-04-03,6,152.04,107.28,52,158.83
SKU0003,2024-04-04,0,176.67,107.28,51,162.89
SKU0003,2024-04-05,0,172.15,107.28,51,167.26
SKU0003,2024-04-06,0,175.82,107.28,51,177.63
SKU0003,2024-04-07,5,163.42,107.28,51,182.39
SKU0003,2024-04-08,0,163.23,107.28,51,157.95
SKU0003,2024-04-09,4,151.12,107.28,51,182.64
SKU0003,2024-04-10,0,162.5,107.28,51,175.01
SKU0003,2024-04-11,0,184.14,107.28,51,172.15
SKU0003,2024-04-12,0,163.59,107.28,51,158.31
SKU0003,2024-04-13,0,180.48,107.28,51,153.45
SKU0003,2024-04-14,0,180.89,107.28,51,170.72
SKU0003,2024-04-15,0,163.37,107.28,51,173.52
SKU0003,2024-04-16,0,173.04,107.28,51,158.67
SKU0003,2024-04-17,2,152.99,107.28,51,170.32
SKU0003,2024-04-18,3,153.3,107.28,51,180.42
SKU0003,2024-04-19,7,151.24,107.28,51,179.7
SKU0003,2024-04-20,0,171.13,107.28,51,182.81
SKU0003,2024-04-21,0,165.34,107.28,51,163.9
SKU0003,2024-04-22,0,169.9,107.28,51,162.29
SKU0003,2024-04-23,0,168.89,107.28,51,176.82
SKU0003,2024-04-24,0,162.51,107.28,51,166.1
SKU0003,2024-04-25,0,174.73,107.28,51,154.52
SKU0003,2024-04-26,0,177.76,107.28,51,161.1
SKU0003,2024-04-27,2,149.97,107.28,51,165.67
SKU0003,2024-04-28,0,157.17,107.28,51,161.43
SKU0003,2024-04-29,0,176.07,107.28,51,162.76
SKU0003,2024-04-30,0,163.87,107.28,50,161.47
SKU0003,2024-05-01,0,174.17,107.28,50,152.97
SKU0003,2024-05-02,0,162.39,107.28,50,173.03
SKU0003,2024-05-03,0,164.02,107.28,49,171.69
SKU0003,2024-05-04,1,155.35,107.28,49,173.58
SKU0003,2024-05-05,0,159.07,107.28,49,158.05
SKU0003,2024-05-06,0,172.04,107.28,49,161.53
SKU0003,2024-05-07,0,165.61,107.28,49,172.45
SKU0003,2024-05-08,0,178.35,107.28,49,171.77
SKU0003,2024-05-09,0,181.28,107.28,49,168.63
SKU0003,2024-05-10,0,169.66,107.28,48,163.38
SKU0003,2024-05-11,0,177.75,107.28,48,182.33
SKU0003,2024-05-12,0,160.89,107.28,48,163.02
SKU0003,2024-05-13,0,164.93,107.28,48,166.92
SKU0003,2024-05-14,0,176.05,107.28,48,174.42
SKU0003,2024-05-15,0,163.85,107.28,48,169.87
SKU0003,2024-05-16,0,171.41,107.28,48,163.26
SKU0003,2024-05-17,0,156.35,107.28,48,166.25
SKU0003,2024-05-18,0,171.83,107.28,48,178.34
SKU0003,2024-05-19,0,181.61,107.28,47,160.94
SKU0003,2024-05-20,0,181.88,107.28,47,156.37
SKU0003,2024-05-21,0,176.49,107.28,47,162.12
SKU0003,2024-05-22,0,177.29,107.28,47,180.19
SKU0003,2024-05-23,0,170.27,107.28,47,154.57
SKU0003,2024-05-24,0,171.27,107.28,47,184.98
SKU0003,2024-05-25,5,154.42,107.28,47,169.8
SKU0003,2024-05-26,0,166.01,107.28,47,184.75
SKU0003,2024-05-27,0,166.27,107.28,47,183.2
SKU0003,2024-05-28,0,185.23,107.28,47,166.83
SKU0003,2024-05-29,0,165.53,107.28,47,158.26
SKU0003,2024-05-30,0,169.95,107.28,47,157.13
SKU0003,2024-05-31,0,169.35,107.28,47,159.66
SKU0003,2024-06-01,0,173.21,107.28,47,175.49
SKU0003,2024-06-02,0,177.38,107.28,47,160.77
SKU0003,2024-06-03,3,157.83,107.28,47,163.08
SKU0003,2024-06-04,0,169.18,107.28,47,166.69
SKU0003,2024-06-05,0,180.28,107.28,47,182.34
SKU0003,2024-06-06,0,166.73,107.28,47,157.95
SKU0003,2024-06-07,0,159.83,107.28,47,151.74
SKU0003,2024-06-08,0,173.88,107.28,47,153.6
SKU0003,2024-06-09,0,180.2,107.28,47,182.05
SKU0003,2024-06-10,4,151.79,107.28,47,173.39
SKU0003,2024-06-11,0,178.44,107.28,47,160.77
SKU0003,2024-06-12,0,180.12,107.28,47,157.54
SKU0003,2024-06-13,0,166.67,107.28,47,161.49
SKU0003,2024-06-14,0,186.16,107.28,47,155.44
SKU0003,2024-06-15,0,178.82,107.28,47,183.29
SKU0003,2024-06-16,0,178.33,107.28,46,177.99
SKU0003,2024-06-17,0,177.36,107.28,46,167.15
SKU0003,2024-06-18,2,155.05,107.28,45,180.71
SKU0003,2024-06-19,3,157.54,107.28,45,159.98
SKU0003,2024-06-20,0,166.76,107.28,45,175.73
SKU0003,2024-06-21,5,159.29,107.28,45,180.41
SKU0003,2024-06-22,0,164.94,107.28,45,163.59
SKU0003,2024-06-23,0,182.62,107.28,45,177.09
SKU0003,2024-06-24,0,180.22,107.28,45,161.51
SKU0003,2024-06-25,0,172.96,107.28,45,161.64
SKU0003,2024-06-26,0,181.48,107.28,44,155.18
SKU0003,2024-06-27,0,178.71,107.28,44,166.4
SKU0003,2024-06-28,1,165.45,107.28,44,176.15
SKU0003,2024-06-29,0,156.94,107.28,44,183.24
SKU0003,2024-06-30,0,168.64,107.28,44,171.91
SKU0003,2024-07-01,0,176.93,107.28,44,180.65
SKU0003,2024-07-02,0,165.73,107.28,44,179.28
SKU0003,2024-07-03,0,174.33,107.28,44,157.41
SKU0003,2024-07-04,4,152.95,107.28,44,167.94
SKU0003,2024-07-05,0,177.37,107.28,44,155.51
SKU0003,2024-07-06,0,179.79,107.28,43,174.55
SKU0003,2024-07-07,0,175.83,107.28,43,183.57
SKU0003,2024-07-08,0,185.56,107.28,43,156.19
SKU0003,2024-07-09,0,180.31,107.28,43,176.29
SKU0003,2024-07-10,0,183.16,107.28,43,172.87
SKU0003,2024-07-11,0,184.3,107.28,43,171.23
SKU0003,2024-07-12,0,179.36,107.28,43,164.72
SKU0003,2024-07-13,0,174.61,107.28,43,163.54
SKU0003,2024-07-14,1,149.64,107.28,43,153.1
SKU0003,2024-07-15,0,166.83,107.28,43,158.91
SKU0003,2024-07-16,0,170.76,107.28,43,152.09
SKU0003,2024-07-17,0,160.78,107.28,43,171.16
SKU0003,2024-07-18,0,161.31,107.28,43,155.14
SKU0003,2024-07-19,0,185.33,107.28,43,180.98
SKU0003,2024-07-20,0,182.74,107.28,43,169.2
SKU0003,2024-07-21,0,181.15,107.28,43,175.14
SKU0003,2024-07-22,0,164.59,107.28,43,165.41
SKU0003,2024-07-23,7,149.94,107.28,43,170.46
SKU0003,2024-07-24,4,152.42,107.28,43,183.33
SKU0003,2024-07-25,0,161.09,107.28,43,154.36
SKU0003,2024-07-26,1,150.01,107.28,43,160.13
SKU0003,2024-07-27,6,150.07,107.28,42,177.85
SKU0003,2024-07-28,0,183.67,107.28,42,154.9
SKU0003,2024-07-29,0,175.81,107.28,42,154.12
SKU0003,2024-07-30,0,160.97,107.28,42,163.75
SKU0003,2024-07-31,1,154.38,107.28,42,154.68
SKU0003,2024-08-01,0,168.54,107.28,42,171.28
SKU0003,2024-08-02,3,149.63,107.28,41,159.2
SKU0003,2024-08-03,0,184.48,107.28,41,181.75
SKU0003,2024-08-04,5,164.92,107.28,41,177.97
SKU0003,2024-08-05,0,164.46,107.28,41,175.14
SKU0003,2024-08-06,0,164.02,107.28,41,172.36
SKU0003,2024-08-07,7,152.02,107.28,41,180.66
SKU0003,2024-08-08,0,173.27,107.28,41,159.09
SKU0003,2024-08-09,0,176.81,107.28,41,180.98
SKU0003,2024-08-10,0,174.68,107.28,41,178.17
SKU0003,2024-08-11,3,154.6,107.28,41,176.78
SKU0003,2024-08-12,0,171.05,107.28,41,170.48
SKU0003,2024-08-13,0,170.7,107.28,41,159.87
SKU0003,2024-08-14,0,181.87,107.28,41,165.84
SKU0003,2024-08-15,0,163.59,107.28,41,178.31
SKU0003,2024-08-16,0,163.3,107.28,41,152.65
SKU0003,2024-08-17,0,172.53,107.28,41,177.92
SKU0003,2024-08-18,0,173.08,107.28,41,159.66
SKU0003,2024-08-19,0,166.96,107.28,41,156.44
SKU0003,2024-08-20,0,165.98,107.28,41,155.47
SKU0003,2024-08-21,0,167.89,107.28,41,152.49
SKU0003,2024-08-22,0,181.59,107.28,40,169.21
SKU0003,2024-08-23,0,166.65,107.28,40,158.93
SKU0003,2024-08-24,0,184.54,107.28,40,184.9
SKU0003,2024-08-25,0,168.25,107.28,40,170.92
SKU0003,2024-08-26,0,184.89,107.28,40,156.22
SKU0003,2024-08-27,0,180.54,107.28,40,174.77
SKU0003,2024-08-28,1,162.97,107.28,40,181.81
SKU0003,2024-08-29,0,181.69,107.28,40,176.68
SKU0003,2024-08-30,1,153.54,107.28,40,154.15
SKU0003,2024-08-31,0,183.98,107.28,40,181.75
SKU0003,2024-09-01,0,173.02,107.28,40,178.32
SKU0003,2024-09-02,4,151.46,107.28,40,156.91
SKU0003,2024-09-03,0,173.49,107.28,40,153.32
SKU0003,2024-09-04,0,185.82,107.28,40,170.35
SKU0003,2024-09-05,1,152.03,107.28,40,156.83
SKU0003,2024-09-06,0,170.15,107.28,40,179.69
SKU0003,2024-09-07,0,177.36,107.28,40,163.64
SKU0003,2024-09-08,0,179.69,107.28,39,182.32
SKU0003,2024-09-09,0,164.89,107.28,39,170.63
SKU0003,2024-09-10,0,157.05,107.28,39,157.73
SKU0003,2024-09-11,1,151.01,107.28,39,156.28
SKU0003,2024-09-12,0,171.08,107.28,38,170.99
SKU0003,2024-09-13,0,166.35,107.28,38,177.24
SKU0003,2024-09-14,0,184.87,107.28,38,177.9
SKU0003,2024-09-15,0,151.69,107.28,38,160.86
SKU0003,2024-09-16,0,175.03,107.28,38,158.45
SKU0003,2024-09-17,1,150.36,107.28,38,152.14
SKU0003,2024-09-18,2,155.83,107.28,37,174.45
SKU0003,2024-09-19,0,166.37,107.28,37,154.15
SKU0003,2024-09-20,0,166.42,107.28,37,165.75
SKU0003,2024-09-21,0,175.04,107.28,37,171.84
SKU0003,2024-09-22,0,183.43,107.28,36,183.14
SKU0003,2024-09-23,0,173.3,107.28,36,162.08
SKU0003,2024-09-24,0,185.05,107.28,36,159.99
SKU0003,2024-09-25,0,182.36,107.28,36,173.61
SKU0003,2024-09-26,0,171.26,107.28,35,172.43
SKU0003,2024-09-27,0,180.57,107.28,35,162.76
SKU0003,2024-09-28,0,173.43,107.28,34,182.84
SKU0003,2024-09-29,4,152.36,107.28,34,180.03
SKU0003,2024-09-30,0,177.09,107.28,34,159.12
SKU0003,2024-10-01,1,152.97,107.28,33,159.63
SKU0003,2024-10-02,0,171.62,107.28,32,168.83
SKU0003,2024-10-03,0,175.67,107.28,32,177.63
SKU0003,2024-10-04,0,151.91,107.28,32,153.06
SKU0003,2024-10-05,0,158.05,107.28,32,174.93
SKU0003,2024-10-06,0,183.63,107.28,32,173.41
SKU0003,2024-10-07,0,172.45,107.28,32,159.37
SKU0003,2024-10-08,4,158.63,107.28,32,174.53
SKU0003,2024-10-09,0,175.23,107.28,32,183.24
SKU0003,2024-10-10,0,171.72,107.28,32,153.15
SKU0003,2024-10-11,0,168.16,107.28,32,162.34
SKU0003,2024-10-12,0,185.89,107.28,32,166.33
SKU0003,2024-10-13,0,174.96,107.28,32,181.87
SKU0003,2024-10-14,0,163.45,107.28,32,183.99
SKU0003,2024-10-15,0,179.31,107.28,32,166.53
SKU0003,2024-10-16,0,182.47,107.28,32,176.84
SKU0003,2024-10-17,4,154.1,107.28,32,169.48
SKU0003,2024-10-18,1,156.92,107.28,31,169.69
SKU0003,2024-10-19,2,157.5,107.28,31,160.94
SKU0003,2024-10-20,0,175.25,107.28,30,158.88
SKU0003,2024-10-21,0,171.95,107.28,30,161.28
SKU0003,2024-10-22,0,172.55,107.28,30,170.31
SKU0003,2024-10-23,0,184.57,107.28,30,152.56
SKU0003,2024-10-24,0,178.41,107.28,30,182.13
SKU0003,2024-10-25,0,154.21,107.28,30,156.84
SKU0003,2024-10-26,0,162.41,107.28,30,158.99
SKU0003,2024-10-27,0,165.69,107.28,30,169.03
SKU0003,2024-10-28,1,164.22,107.28,30,175.49
SKU0003,2024-10-29,0,174.43,107.28,30,154.8
SKU0003,2024-10-30,0,182.74,107.28,30,162.28
SKU0003,2024-10-31,1,160.86,107.28,30,184.2
SKU0003,2024-11-01,0,170.04,107.28,30,160.41
SKU0003,2024-11-02,0,178.92,107.28,30,162.12
SKU0003,2024-11-03,2,164.97,107.28,30,179.75
SKU0003,2024-11-04,0,155.71,107.28,30,153.27
SKU0003,2024-11-05,0,167.17,107.28,30,167.22
SKU0003,2024-11-06,5,151.49,107.28,30,164.36
SKU0003,2024-11-07,0,184.63,107.28,30,162.24
SKU0003,2024-11-08,3,152.22,107.28,30,161.2
SKU0003,2024-11-09,0,165.81,107.28,30,154.65
SKU0003,2024-11-10,0,169.22,107.28,30,162.18
SKU0003,2024-11-11,0,186.23,107.28,30,153.03
SKU0003,2024-11-12,5,155.63,107.28,30,177.88
SKU0003,2024-11-13,0,153.7,107.28,30,164.99
SKU0003,2024-11-14,4,149.75,107.28,30,166.53
SKU0003,2024-11-15,3,155.24,107.28,30,181.67
SKU0003,2024-11-16,4,157.17,107.28,30,173.74
SKU0003,2024-11-17,0,172.98,107.28,30,151.85
SKU0003,2024-11-18,4,157.63,107.28,30,183.34
SKU0003,2024-11-19,3,150.19,107.28,30,159.56
SKU0003,2024-11-20,0,180.31,107.28,30,155.2
SKU0003,2024-11-21,2,163.08,107.28,30,177.45
SKU0003,2024-11-22,0,162.64,107.28,30,168.43
SKU0003,2024-11-23,0,160.73,107.28,30,166.19
SKU0003,2024-11-24,0,185.86,107.28,30,159.98
SKU0003,2024-11-25,0,155.78,107.28,30,170.02
SKU0003,2024-11-26,0,182.98,107.28,30,160.82
SKU0003,2024-11-27,0,178.45,107.28,30,181.94
SKU0003,2024-11-28,1,152.28,107.28,30,158.82
SKU0003,2024-11-29,0,186.29,107.28,30,181.36
SKU0003,2024-11-30,0,159.56,107.28,30,170.42
SKU0003,2024-12-01,6,153.11,107.28,30,179.48
SKU0003,2024-12-02,0,180.41,107.28,30,175.59
SKU0003,2024-12-03,0,175.83,107.28,30,175.04
SKU0003,2024-12-04,0,172.48,107.28,29,162.5
SKU0003,2024-12-05,0,155.25,107.28,29,159.45
SKU0003,2024-12-06,0,167.3,107.28,29,158.68
SKU0003,2024-12-07,0,178.59,107.28,29,180.45
SKU0003,2024-12-08,1,160.77,107.28,29,179.21
SKU0003,2024-12-09,0,161.07,107.28,28,166.42
SKU0003,2024-12-10,0,149.54,107.28,28,156.03
SKU0003,2024-12-11,0,155.94,107.28,28,164.45
SKU0003,2024-12-12,0,182.13,107.28,28,172.44
SKU0003,2024-12-13,0,165.93,107.28,28,166.88
SKU0003,2024-12-14,0,186.19,107.28,28,177.85
SKU0003,2024-12-15,3,164.21,107.28,27,185.18
SKU0003,2024-12-16,0,176.14,107.28,27,158.01
SKU0003,2024-12-17,0,159.96,107.28,27,167.06
SKU0003,2024-12-18,0,163.02,107.28,27,166.09
SKU0003,2024-12-19,2,156.55,107.28,27,161.83
SKU0003,2024-12-20,0,162.39,107.28,27,158.25
SKU0003,2024-12-21,0,169.87,107.28,27,153.79
SKU0003,2024-12-22,0,186.48,107.28,27,181.46
SKU0003,2024-12-23,0,174.24,107.28,27,165.72
SKU0003,2024-12-24,0,156.87,107.28,27,168.31
SKU0003,2024-12-25,1,151.11,107.28,27,182.46
SKU0003,2024-12-26,4,154.15,107.28,27,177.72
SKU0003,2024-12-27,0,170.44,107.28,27,155.97
SKU0003,2024-12-28,0,178.01,107.28,27,170.62
SKU0003,2024-12-29,0,184.56,107.28,27,166.47
SKU0003,2024-12-30,6,150.02,107.28,27,178.43
